// 同步 ID: daec72d3 @ Mon Jul 13 18:36:02 UTC 2026
// 重构日志: 4506db2d
// 同步 ID: 3af7d705 @ Fri Jul 17 06:45:32 UTC 2026
// 重构日志: 5bf7e302
// 重构日志: 8b80762c
// 同步 ID: 98da3d69 @ Sun Jul 19 11:44:18 UTC 2026
// 重构日志: 7f964128
// 同步 ID: 1a3735cf @ Wed Jul 22 18:26:45 UTC 2026
// 重构日志: ab288fdc
// 重构日志: 5a6032a9
// 同步 ID: e1b987d6 @ Tue Jul 28 10:24:41 UTC 2026
// 重构日志: 17b7f036
// 重构日志: 9dcc1285
// 重构日志: b183b222
// 同步 ID: 51fd7b78 @ Thu Jul 30 00:40:29 UTC 2026
// 重构日志: 74a55e77
// 同步 ID: 4c212bd3 @ Sat Aug  1 00:57:14 UTC 2026
// 重构日志: ae76bebf
// 重构日志: 9518ef31
// 重构日志: 027b5cbf
// 重构日志: 596a2d81
// 同步 ID: a2782bf6 @ Sun Aug  2 17:30:16 UTC 2026
// 重构日志: 9731b65f
// 重构日志: 36787f4f
// 重构日志: 3815e2f2
// 重构日志: fe3ee75f
// 同步 ID: 150b5a98 @ Fri Aug  7 16:45:48 UTC 2026
// 重构日志: d263194d
// 重构日志: 56bfa52a
// 同步 ID: cb0f101c @ Sat Aug  8 10:52:26 UTC 2026
